0: wandb: ERROR Error while calling W&B API: project not found (<Response [404]>)
0: Traceback (most recent call last):
0:   File "/home/fs72895/alex_asc/.conda/envs/lambda/lib/python3.12/site-packages/wandb/sdk/lib/retry.py", line 158, in __call__
6: wandb: ERROR Error while calling W&B API: project not found (<Response [404]>)
6: Traceback (most recent call last):
6:   File "/home/fs72895/alex_asc/.conda/envs/lambda/lib/python3.12/site-packages/wandb/sdk/lib/retry.py", line 158, in __call__
7: wandb: ERROR Error while calling W&B API: project not found (<Response [404]>)
7: Traceback (most recent call last):
7:   File "/home/fs72895/alex_asc/.conda/envs/lambda/lib/python3.12/site-packages/wandb/sdk/lib/retry.py", line 158, in __call__
7:     result = self._call_fn(*args, **kwargs)
7:              ^^^^^^^^^^^^^^^^^^^^^^^^^^^^^^
7:   File "/home/fs72895/alex_asc/.conda/envs/lambda/lib/python3.12/site-packages/wandb/sdk/internal/internal_api.py", line 398, in execute
0:     result = self._call_fn(*args, **kwargs)
0:              ^^^^^^^^^^^^^^^^^^^^^^^^^^^^^^
0:   File "/home/fs72895/alex_asc/.conda/envs/lambda/lib/python3.12/site-packages/wandb/sdk/internal/internal_api.py", line 398, in execute
6:     result = self._call_fn(*args, **kwargs)
6:              ^^^^^^^^^^^^^^^^^^^^^^^^^^^^^^
6:   File "/home/fs72895/alex_asc/.conda/envs/lambda/lib/python3.12/site-packages/wandb/sdk/internal/internal_api.py", line 398, in execute
8: wandb: ERROR Error while calling W&B API: project not found (<Response [404]>)
8: Traceback (most recent call last):
8:   File "/home/fs72895/alex_asc/.conda/envs/lambda/lib/python3.12/site-packages/wandb/sdk/lib/retry.py", line 158, in __call__
3: wandb: ERROR Error while calling W&B API: project not found (<Response [404]>)
3: Traceback (most recent call last):
3:   File "/home/fs72895/alex_asc/.conda/envs/lambda/lib/python3.12/site-packages/wandb/sdk/lib/retry.py", line 158, in __call__
7:     return self.client.execute(*args, **kwargs)  # type: ignore
0:     return self.client.execute(*args, **kwargs)  # type: ignore
7:            ^^^^^^^^^^^^^^^^^^^^^^^^^^^^^^^^^^^^
7:   File "/home/fs72895/alex_asc/.conda/envs/lambda/lib/python3.12/site-packages/wandb/vendor/gql-0.2.0/wandb_gql/client.py", line 52, in execute
0:            ^^^^^^^^^^^^^^^^^^^^^^^^^^^^^^^^^^^^
0:   File "/home/fs72895/alex_asc/.conda/envs/lambda/lib/python3.12/site-packages/wandb/vendor/gql-0.2.0/wandb_gql/client.py", line 52, in execute
7:     result = self._get_result(document, *args, **kwargs)
0:     result = self._get_result(document, *args, **kwargs)
7:              ^^^^^^^^^^^^^^^^^^^^^^^^^^^^^^^^^^^^^^^^^^^
7:   File "/home/fs72895/alex_asc/.conda/envs/lambda/lib/python3.12/site-packages/wandb/vendor/gql-0.2.0/wandb_gql/client.py", line 60, in _get_result
0:              ^^^^^^^^^^^^^^^^^^^^^^^^^^^^^^^^^^^^^^^^^^^
0:   File "/home/fs72895/alex_asc/.conda/envs/lambda/lib/python3.12/site-packages/wandb/vendor/gql-0.2.0/wandb_gql/client.py", line 60, in _get_result
7:     return self.transport.execute(document, *args, **kwargs)
0:     return self.transport.execute(document, *args, **kwargs)
6:     return self.client.execute(*args, **kwargs)  # type: ignore
7:            ^^^^^^^^^^^^^^^^^^^^^^^^^^^^^^^^^^^^^^^^^^^^^^^^^
7:   File "/home/fs72895/alex_asc/.conda/envs/lambda/lib/python3.12/site-packages/wandb/sdk/lib/gql_request.py", line 59, in execute
0:            ^^^^^^^^^^^^^^^^^^^^^^^^^^^^^^^^^^^^^^^^^^^^^^^^^
0:   File "/home/fs72895/alex_asc/.conda/envs/lambda/lib/python3.12/site-packages/wandb/sdk/lib/gql_request.py", line 59, in execute
6:            ^^^^^^^^^^^^^^^^^^^^^^^^^^^^^^^^^^^^
6:   File "/home/fs72895/alex_asc/.conda/envs/lambda/lib/python3.12/site-packages/wandb/vendor/gql-0.2.0/wandb_gql/client.py", line 52, in execute
7:     request.raise_for_status()
0:     request.raise_for_status()
0:   File "/home/fs72895/alex_asc/.conda/envs/lambda/lib/python3.12/site-packages/requests/models.py", line 1026, in raise_for_status
8:     result = self._call_fn(*args, **kwargs)
7:   File "/home/fs72895/alex_asc/.conda/envs/lambda/lib/python3.12/site-packages/requests/models.py", line 1026, in raise_for_status
6:     result = self._get_result(document, *args, **kwargs)
6:              ^^^^^^^^^^^^^^^^^^^^^^^^^^^^^^^^^^^^^^^^^^^
6:   File "/home/fs72895/alex_asc/.conda/envs/lambda/lib/python3.12/site-packages/wandb/vendor/gql-0.2.0/wandb_gql/client.py", line 60, in _get_result
6:     return self.transport.execute(document, *args, **kwargs)
6:            ^^^^^^^^^^^^^^^^^^^^^^^^^^^^^^^^^^^^^^^^^^^^^^^^^
6:   File "/home/fs72895/alex_asc/.conda/envs/lambda/lib/python3.12/site-packages/wandb/sdk/lib/gql_request.py", line 59, in execute
8:              ^^^^^^^^^^^^^^^^^^^^^^^^^^^^^^
8:   File "/home/fs72895/alex_asc/.conda/envs/lambda/lib/python3.12/site-packages/wandb/sdk/internal/internal_api.py", line 398, in execute
4: wandb: ERROR Error while calling W&B API: project not found (<Response [404]>)
6:     request.raise_for_status()
6:   File "/home/fs72895/alex_asc/.conda/envs/lambda/lib/python3.12/site-packages/requests/models.py", line 1026, in raise_for_status
3:     result = self._call_fn(*args, **kwargs)
3:              ^^^^^^^^^^^^^^^^^^^^^^^^^^^^^^
3:   File "/home/fs72895/alex_asc/.conda/envs/lambda/lib/python3.12/site-packages/wandb/sdk/internal/internal_api.py", line 398, in execute
0:     raise HTTPError(http_error_msg, response=self)
0: requests.exceptions.HTTPError: 404 Client Error: Not Found for url: https://api.wandb.ai/graphql
0: 
0: During handling of the above exception, another exception occurred:
0: 
0: Traceback (most recent call last):
0:   File "/home/fs72895/alex_asc/git/lambda-imitation/experiments/jax/partial_gridworld_sweep.py", line 116, in <module>
0:     wandb.agent("pwato51u", train)
0:   File "/home/fs72895/alex_asc/.conda/envs/lambda/lib/python3.12/site-packages/wandb/wandb_agent.py", line 563, in agent
7:     raise HTTPError(http_error_msg, response=self)
7: requests.exceptions.HTTPError: 404 Client Error: Not Found for url: https://api.wandb.ai/graphql
7: 
7: During handling of the above exception, another exception occurred:
7: 
7: Traceback (most recent call last):
7:   File "/home/fs72895/alex_asc/git/lambda-imitation/experiments/jax/partial_gridworld_sweep.py", line 116, in <module>
7:     wandb.agent("pwato51u", train)
7:   File "/home/fs72895/alex_asc/.conda/envs/lambda/lib/python3.12/site-packages/wandb/wandb_agent.py", line 563, in agent
8:     return self.client.execute(*args, **kwargs)  # type: ignore
6:     raise HTTPError(http_error_msg, response=self)
8:            ^^^^^^^^^^^^^^^^^^^^^^^^^^^^^^^^^^^^
8:   File "/home/fs72895/alex_asc/.conda/envs/lambda/lib/python3.12/site-packages/wandb/vendor/gql-0.2.0/wandb_gql/client.py", line 52, in execute
6: requests.exceptions.HTTPError: 404 Client Error: Not Found for url: https://api.wandb.ai/graphql
6: 
6: During handling of the above exception, another exception occurred:
6: 
6: Traceback (most recent call last):
6:   File "/home/fs72895/alex_asc/git/lambda-imitation/experiments/jax/partial_gridworld_sweep.py", line 116, in <module>
6:     wandb.agent("pwato51u", train)
6:   File "/home/fs72895/alex_asc/.conda/envs/lambda/lib/python3.12/site-packages/wandb/wandb_agent.py", line 563, in agent
8:     result = self._get_result(document, *args, **kwargs)
3:     return self.client.execute(*args, **kwargs)  # type: ignore
8:              ^^^^^^^^^^^^^^^^^^^^^^^^^^^^^^^^^^^^^^^^^^^
8:   File "/home/fs72895/alex_asc/.conda/envs/lambda/lib/python3.12/site-packages/wandb/vendor/gql-0.2.0/wandb_gql/client.py", line 60, in _get_result
3:            ^^^^^^^^^^^^^^^^^^^^^^^^^^^^^^^^^^^^
3:   File "/home/fs72895/alex_asc/.conda/envs/lambda/lib/python3.12/site-packages/wandb/vendor/gql-0.2.0/wandb_gql/client.py", line 52, in execute
8:     return self.transport.execute(document, *args, **kwargs)
8:            ^^^^^^^^^^^^^^^^^^^^^^^^^^^^^^^^^^^^^^^^^^^^^^^^^
8:   File "/home/fs72895/alex_asc/.conda/envs/lambda/lib/python3.12/site-packages/wandb/sdk/lib/gql_request.py", line 59, in execute
3:     result = self._get_result(document, *args, **kwargs)
3:              ^^^^^^^^^^^^^^^^^^^^^^^^^^^^^^^^^^^^^^^^^^^
3:   File "/home/fs72895/alex_asc/.conda/envs/lambda/lib/python3.12/site-packages/wandb/vendor/gql-0.2.0/wandb_gql/client.py", line 60, in _get_result
8:     request.raise_for_status()
0:     return pyagent(sweep_id, function, entity, project, count)
3:     return self.transport.execute(document, *args, **kwargs)
7:     return pyagent(sweep_id, function, entity, project, count)
8:   File "/home/fs72895/alex_asc/.conda/envs/lambda/lib/python3.12/site-packages/requests/models.py", line 1026, in raise_for_status
0:            ^^^^^^^^^^^^^^^^^^^^^^^^^^^^^^^^^^^^^^^^^^^^^^^^^^^
0:   File "/home/fs72895/alex_asc/.conda/envs/lambda/lib/python3.12/site-packages/wandb/agents/pyagent.py", line 355, in pyagent
3:            ^^^^^^^^^^^^^^^^^^^^^^^^^^^^^^^^^^^^^^^^^^^^^^^^^
3:   File "/home/fs72895/alex_asc/.conda/envs/lambda/lib/python3.12/site-packages/wandb/sdk/lib/gql_request.py", line 59, in execute
6:     return pyagent(sweep_id, function, entity, project, count)
7:            ^^^^^^^^^^^^^^^^^^^^^^^^^^^^^^^^^^^^^^^^^^^^^^^^^^^
7:   File "/home/fs72895/alex_asc/.conda/envs/lambda/lib/python3.12/site-packages/wandb/agents/pyagent.py", line 355, in pyagent
6:            ^^^^^^^^^^^^^^^^^^^^^^^^^^^^^^^^^^^^^^^^^^^^^^^^^^^
3:     request.raise_for_status()
6:   File "/home/fs72895/alex_asc/.conda/envs/lambda/lib/python3.12/site-packages/wandb/agents/pyagent.py", line 355, in pyagent
3:   File "/home/fs72895/alex_asc/.conda/envs/lambda/lib/python3.12/site-packages/requests/models.py", line 1026, in raise_for_status
0:     agent.run()
0:   File "/home/fs72895/alex_asc/.conda/envs/lambda/lib/python3.12/site-packages/wandb/agents/pyagent.py", line 326, in run
0:     self._setup()
7:     agent.run()
8:     raise HTTPError(http_error_msg, response=self)
0:   File "/home/fs72895/alex_asc/.conda/envs/lambda/lib/python3.12/site-packages/wandb/agents/pyagent.py", line 136, in _setup
6:     agent.run()
0:     self._register()
8: requests.exceptions.HTTPError: 404 Client Error: Not Found for url: https://api.wandb.ai/graphql
7:   File "/home/fs72895/alex_asc/.conda/envs/lambda/lib/python3.12/site-packages/wandb/agents/pyagent.py", line 326, in run
0:   File "/home/fs72895/alex_asc/.conda/envs/lambda/lib/python3.12/site-packages/wandb/agents/pyagent.py", line 113, in _register
8: 
8: During handling of the above exception, another exception occurred:
8: 
8: Traceback (most recent call last):
8:   File "/home/fs72895/alex_asc/git/lambda-imitation/experiments/jax/partial_gridworld_sweep.py", line 116, in <module>
6:   File "/home/fs72895/alex_asc/.conda/envs/lambda/lib/python3.12/site-packages/wandb/agents/pyagent.py", line 326, in run
0:     agent = self._api.register_agent(socket.gethostname(), sweep_id=self._sweep_id)
8:     wandb.agent("pwato51u", train)
8:   File "/home/fs72895/alex_asc/.conda/envs/lambda/lib/python3.12/site-packages/wandb/wandb_agent.py", line 563, in agent
3:     raise HTTPError(http_error_msg, response=self)
7:     self._setup()
7:   File "/home/fs72895/alex_asc/.conda/envs/lambda/lib/python3.12/site-packages/wandb/agents/pyagent.py", line 136, in _setup
6:     self._setup()
6:   File "/home/fs72895/alex_asc/.conda/envs/lambda/lib/python3.12/site-packages/wandb/agents/pyagent.py", line 136, in _setup
3: requests.exceptions.HTTPError: 404 Client Error: Not Found for url: https://api.wandb.ai/graphql
3: 
3: During handling of the above exception, another exception occurred:
3: 
3: Traceback (most recent call last):
7:     self._register()
7:   File "/home/fs72895/alex_asc/.conda/envs/lambda/lib/python3.12/site-packages/wandb/agents/pyagent.py", line 113, in _register
3:   File "/home/fs72895/alex_asc/git/lambda-imitation/experiments/jax/partial_gridworld_sweep.py", line 116, in <module>
0:             ^^^^^^^^^^^^^^^^^^^^^^^^^^^^^^^^^^^^^^^^^^^^^^^^^^^^^^^^^^^^^^^^^^^^^^^
6:     self._register()
0:   File "/home/fs72895/alex_asc/.conda/envs/lambda/lib/python3.12/site-packages/wandb/apis/internal.py", line 158, in register_agent
7:     agent = self._api.register_agent(socket.gethostname(), sweep_id=self._sweep_id)
6:   File "/home/fs72895/alex_asc/.conda/envs/lambda/lib/python3.12/site-packages/wandb/agents/pyagent.py", line 113, in _register
3:     wandb.agent("pwato51u", train)
6:     agent = self._api.register_agent(socket.gethostname(), sweep_id=self._sweep_id)
3:   File "/home/fs72895/alex_asc/.conda/envs/lambda/lib/python3.12/site-packages/wandb/wandb_agent.py", line 563, in agent
6:             ^^^^^^^^^^^^^^^^^^^^^^^^^^^^^^^^^^^^^^^^^^^^^^^^^^^^^^^^^^^^^^^^^^^^^^^
7:             ^^^^^^^^^^^^^^^^^^^^^^^^^^^^^^^^^^^^^^^^^^^^^^^^^^^^^^^^^^^^^^^^^^^^^^^
6:   File "/home/fs72895/alex_asc/.conda/envs/lambda/lib/python3.12/site-packages/wandb/apis/internal.py", line 158, in register_agent
7:   File "/home/fs72895/alex_asc/.conda/envs/lambda/lib/python3.12/site-packages/wandb/apis/internal.py", line 158, in register_agent
3:     return pyagent(sweep_id, function, entity, project, count)
8:     return pyagent(sweep_id, function, entity, project, count)
8:            ^^^^^^^^^^^^^^^^^^^^^^^^^^^^^^^^^^^^^^^^^^^^^^^^^^^
3:            ^^^^^^^^^^^^^^^^^^^^^^^^^^^^^^^^^^^^^^^^^^^^^^^^^^^
3:   File "/home/fs72895/alex_asc/.conda/envs/lambda/lib/python3.12/site-packages/wandb/agents/pyagent.py", line 355, in pyagent
8:   File "/home/fs72895/alex_asc/.conda/envs/lambda/lib/python3.12/site-packages/wandb/agents/pyagent.py", line 355, in pyagent
6:     return self.api.register_agent(*args, **kwargs)
0:     return self.api.register_agent(*args, **kwargs)
7:     return self.api.register_agent(*args, **kwargs)
6:            ^^^^^^^^^^^^^^^^^^^^^^^^^^^^^^^^^^^^^^^^
0:            ^^^^^^^^^^^^^^^^^^^^^^^^^^^^^^^^^^^^^^^^
0:   File "/home/fs72895/alex_asc/.conda/envs/lambda/lib/python3.12/site-packages/wandb/apis/normalize.py", line 25, in wrapper
7:            ^^^^^^^^^^^^^^^^^^^^^^^^^^^^^^^^^^^^^^^^
6:   File "/home/fs72895/alex_asc/.conda/envs/lambda/lib/python3.12/site-packages/wandb/apis/normalize.py", line 25, in wrapper
7:   File "/home/fs72895/alex_asc/.conda/envs/lambda/lib/python3.12/site-packages/wandb/apis/normalize.py", line 25, in wrapper
6:     return func(*args, **kwargs)
0:     return func(*args, **kwargs)
7:     return func(*args, **kwargs)
0:            ^^^^^^^^^^^^^^^^^^^^^
6:            ^^^^^^^^^^^^^^^^^^^^^
0:   File "/home/fs72895/alex_asc/.conda/envs/lambda/lib/python3.12/site-packages/wandb/sdk/internal/internal_api.py", line 3119, in register_agent
7:            ^^^^^^^^^^^^^^^^^^^^^
6:   File "/home/fs72895/alex_asc/.conda/envs/lambda/lib/python3.12/site-packages/wandb/sdk/internal/internal_api.py", line 3119, in register_agent
7:   File "/home/fs72895/alex_asc/.conda/envs/lambda/lib/python3.12/site-packages/wandb/sdk/internal/internal_api.py", line 3119, in register_agent
3:     agent.run()
3:   File "/home/fs72895/alex_asc/.conda/envs/lambda/lib/python3.12/site-packages/wandb/agents/pyagent.py", line 326, in run
6:     response = self.gql(
4: Traceback (most recent call last):
4:   File "/home/fs72895/alex_asc/.conda/envs/lambda/lib/python3.12/site-packages/wandb/sdk/lib/retry.py", line 158, in __call__
4:     result = self._call_fn(*args, **kwargs)
4:              ^^^^^^^^^^^^^^^^^^^^^^^^^^^^^^
4:   File "/home/fs72895/alex_asc/.conda/envs/lambda/lib/python3.12/site-packages/wandb/sdk/internal/internal_api.py", line 398, in execute
0:     response = self.gql(
4:     return self.client.execute(*args, **kwargs)  # type: ignore
4:            ^^^^^^^^^^^^^^^^^^^^^^^^^^^^^^^^^^^^
4:   File "/home/fs72895/alex_asc/.conda/envs/lambda/lib/python3.12/site-packages/wandb/vendor/gql-0.2.0/wandb_gql/client.py", line 52, in execute
3:     self._setup()
4:     result = self._get_result(document, *args, **kwargs)
4:              ^^^^^^^^^^^^^^^^^^^^^^^^^^^^^^^^^^^^^^^^^^^
4:   File "/home/fs72895/alex_asc/.conda/envs/lambda/lib/python3.12/site-packages/wandb/vendor/gql-0.2.0/wandb_gql/client.py", line 60, in _get_result
4:     return self.transport.execute(document, *args, **kwargs)
4:            ^^^^^^^^^^^^^^^^^^^^^^^^^^^^^^^^^^^^^^^^^^^^^^^^^
4:   File "/home/fs72895/alex_asc/.conda/envs/lambda/lib/python3.12/site-packages/wandb/sdk/lib/gql_request.py", line 59, in execute
4:     request.raise_for_status()
6:                ^^^^^^^^^
4:   File "/home/fs72895/alex_asc/.conda/envs/lambda/lib/python3.12/site-packages/requests/models.py", line 1026, in raise_for_status
0:                ^^^^^^^^^
4:     raise HTTPError(http_error_msg, response=self)
0:   File "/home/fs72895/alex_asc/.conda/envs/lambda/lib/python3.12/site-packages/wandb/sdk/internal/internal_api.py", line 370, in gql
3:   File "/home/fs72895/alex_asc/.conda/envs/lambda/lib/python3.12/site-packages/wandb/agents/pyagent.py", line 136, in _setup
4: requests.exceptions.HTTPError: 404 Client Error: Not Found for url: https://api.wandb.ai/graphql
4: 
4: During handling of the above exception, another exception occurred:
4: 
4: Traceback (most recent call last):
4:   File "/home/fs72895/alex_asc/git/lambda-imitation/experiments/jax/partial_gridworld_sweep.py", line 116, in <module>
4:     wandb.agent("pwato51u", train)
7:     response = self.gql(
6:   File "/home/fs72895/alex_asc/.conda/envs/lambda/lib/python3.12/site-packages/wandb/sdk/internal/internal_api.py", line 370, in gql
0:     ret = self._retry_gql(
7:                ^^^^^^^^^
7:   File "/home/fs72895/alex_asc/.conda/envs/lambda/lib/python3.12/site-packages/wandb/sdk/internal/internal_api.py", line 370, in gql
6:     ret = self._retry_gql(
3:     self._register()
0:           ^^^^^^^^^^^^^^^^
3:   File "/home/fs72895/alex_asc/.conda/envs/lambda/lib/python3.12/site-packages/wandb/agents/pyagent.py", line 113, in _register
0:   File "/home/fs72895/alex_asc/.conda/envs/lambda/lib/python3.12/site-packages/wandb/sdk/lib/retry.py", line 161, in __call__
3:     agent = self._api.register_agent(socket.gethostname(), sweep_id=self._sweep_id)
7:     ret = self._retry_gql(
6:           ^^^^^^^^^^^^^^^^
0:     if not retry_loop.should_retry(e):
6:   File "/home/fs72895/alex_asc/.conda/envs/lambda/lib/python3.12/site-packages/wandb/sdk/lib/retry.py", line 161, in __call__
8:     agent.run()
7:           ^^^^^^^^^^^^^^^^
3:             ^^^^^^^^^^^^^^^^^^^^^^^^^^^^^^^^^^^^^^^^^^^^^^^^^^^^^^^^^^^^^^^^^^^^^^^
6:     if not retry_loop.should_retry(e):
3:   File "/home/fs72895/alex_asc/.conda/envs/lambda/lib/python3.12/site-packages/wandb/apis/internal.py", line 158, in register_agent
0:            ^^^^^^^^^^^^^^^^^^^^^^^^^^
8:   File "/home/fs72895/alex_asc/.conda/envs/lambda/lib/python3.12/site-packages/wandb/agents/pyagent.py", line 326, in run
0:   File "/home/fs72895/alex_asc/.conda/envs/lambda/lib/python3.12/site-packages/wandb/sdk/lib/retry.py", line 276, in should_retry
7:   File "/home/fs72895/alex_asc/.conda/envs/lambda/lib/python3.12/site-packages/wandb/sdk/lib/retry.py", line 161, in __call__
8:     self._setup()
8:   File "/home/fs72895/alex_asc/.conda/envs/lambda/lib/python3.12/site-packages/wandb/agents/pyagent.py", line 136, in _setup
0:     retry_check_result = self._retry_check(exception)
6:            ^^^^^^^^^^^^^^^^^^^^^^^^^^
6:   File "/home/fs72895/alex_asc/.conda/envs/lambda/lib/python3.12/site-packages/wandb/sdk/lib/retry.py", line 276, in should_retry
7:     if not retry_loop.should_retry(e):
8:     self._register()
0:                          ^^^^^^^^^^^^^^^^^^^^^^^^^^^^
6:     retry_check_result = self._retry_check(exception)
0:   File "/home/fs72895/alex_asc/.conda/envs/lambda/lib/python3.12/site-packages/wandb/util.py", line 913, in no_retry_4xx
8:   File "/home/fs72895/alex_asc/.conda/envs/lambda/lib/python3.12/site-packages/wandb/agents/pyagent.py", line 113, in _register
7:            ^^^^^^^^^^^^^^^^^^^^^^^^^^
7:   File "/home/fs72895/alex_asc/.conda/envs/lambda/lib/python3.12/site-packages/wandb/sdk/lib/retry.py", line 276, in should_retry
7:     retry_check_result = self._retry_check(exception)
8:     agent = self._api.register_agent(socket.gethostname(), sweep_id=self._sweep_id)
6:                          ^^^^^^^^^^^^^^^^^^^^^^^^^^^^
6:   File "/home/fs72895/alex_asc/.conda/envs/lambda/lib/python3.12/site-packages/wandb/util.py", line 913, in no_retry_4xx
7:                          ^^^^^^^^^^^^^^^^^^^^^^^^^^^^
7:   File "/home/fs72895/alex_asc/.conda/envs/lambda/lib/python3.12/site-packages/wandb/util.py", line 913, in no_retry_4xx
8:             ^^^^^^^^^^^^^^^^^^^^^^^^^^^^^^^^^^^^^^^^^^^^^^^^^^^^^^^^^^^^^^^^^^^^^^^
8:   File "/home/fs72895/alex_asc/.conda/envs/lambda/lib/python3.12/site-packages/wandb/apis/internal.py", line 158, in register_agent
9: wandb: ERROR Error while calling W&B API: project not found (<Response [404]>)
9: Traceback (most recent call last):
9:   File "/home/fs72895/alex_asc/.conda/envs/lambda/lib/python3.12/site-packages/wandb/sdk/lib/retry.py", line 158, in __call__
0:     raise UsageError(body["errors"][0]["message"])
0: wandb.errors.errors.UsageError: project not found
6:     raise UsageError(body["errors"][0]["message"])
6: wandb.errors.errors.UsageError: project not found
3:     return self.api.register_agent(*args, **kwargs)
3:            ^^^^^^^^^^^^^^^^^^^^^^^^^^^^^^^^^^^^^^^^
3:   File "/home/fs72895/alex_asc/.conda/envs/lambda/lib/python3.12/site-packages/wandb/apis/normalize.py", line 25, in wrapper
3:     return func(*args, **kwargs)
3:            ^^^^^^^^^^^^^^^^^^^^^
3:   File "/home/fs72895/alex_asc/.conda/envs/lambda/lib/python3.12/site-packages/wandb/sdk/internal/internal_api.py", line 3119, in register_agent
8:     return self.api.register_agent(*args, **kwargs)
8:            ^^^^^^^^^^^^^^^^^^^^^^^^^^^^^^^^^^^^^^^^
8:   File "/home/fs72895/alex_asc/.conda/envs/lambda/lib/python3.12/site-packages/wandb/apis/normalize.py", line 25, in wrapper
7:     raise UsageError(body["errors"][0]["message"])
3:     response = self.gql(
7: wandb.errors.errors.UsageError: project not found
3:                ^^^^^^^^^
3:   File "/home/fs72895/alex_asc/.conda/envs/lambda/lib/python3.12/site-packages/wandb/sdk/internal/internal_api.py", line 370, in gql
3:     ret = self._retry_gql(
8:     return func(*args, **kwargs)
3:           ^^^^^^^^^^^^^^^^
3:   File "/home/fs72895/alex_asc/.conda/envs/lambda/lib/python3.12/site-packages/wandb/sdk/lib/retry.py", line 161, in __call__
8:            ^^^^^^^^^^^^^^^^^^^^^
8:   File "/home/fs72895/alex_asc/.conda/envs/lambda/lib/python3.12/site-packages/wandb/sdk/internal/internal_api.py", line 3119, in register_agent
3:     if not retry_loop.should_retry(e):
3:            ^^^^^^^^^^^^^^^^^^^^^^^^^^
3:   File "/home/fs72895/alex_asc/.conda/envs/lambda/lib/python3.12/site-packages/wandb/sdk/lib/retry.py", line 276, in should_retry
3:     retry_check_result = self._retry_check(exception)
9:     result = self._call_fn(*args, **kwargs)
3:                          ^^^^^^^^^^^^^^^^^^^^^^^^^^^^
3:   File "/home/fs72895/alex_asc/.conda/envs/lambda/lib/python3.12/site-packages/wandb/util.py", line 913, in no_retry_4xx
9:              ^^^^^^^^^^^^^^^^^^^^^^^^^^^^^^
9:   File "/home/fs72895/alex_asc/.conda/envs/lambda/lib/python3.12/site-packages/wandb/sdk/internal/internal_api.py", line 398, in execute
8:     response = self.gql(
8:                ^^^^^^^^^
8:   File "/home/fs72895/alex_asc/.conda/envs/lambda/lib/python3.12/site-packages/wandb/sdk/internal/internal_api.py", line 370, in gql
8:     ret = self._retry_gql(
8:           ^^^^^^^^^^^^^^^^
8:   File "/home/fs72895/alex_asc/.conda/envs/lambda/lib/python3.12/site-packages/wandb/sdk/lib/retry.py", line 161, in __call__
8:     if not retry_loop.should_retry(e):
8:            ^^^^^^^^^^^^^^^^^^^^^^^^^^
8:   File "/home/fs72895/alex_asc/.conda/envs/lambda/lib/python3.12/site-packages/wandb/sdk/lib/retry.py", line 276, in should_retry
8:     retry_check_result = self._retry_check(exception)
8:                          ^^^^^^^^^^^^^^^^^^^^^^^^^^^^
8:   File "/home/fs72895/alex_asc/.conda/envs/lambda/lib/python3.12/site-packages/wandb/util.py", line 913, in no_retry_4xx
3:     raise UsageError(body["errors"][0]["message"])
3: wandb.errors.errors.UsageError: project not found
4:   File "/home/fs72895/alex_asc/.conda/envs/lambda/lib/python3.12/site-packages/wandb/wandb_agent.py", line 563, in agent
4:     return pyagent(sweep_id, function, entity, project, count)
4:            ^^^^^^^^^^^^^^^^^^^^^^^^^^^^^^^^^^^^^^^^^^^^^^^^^^^
4:   File "/home/fs72895/alex_asc/.conda/envs/lambda/lib/python3.12/site-packages/wandb/agents/pyagent.py", line 355, in pyagent
4:     agent.run()
4:   File "/home/fs72895/alex_asc/.conda/envs/lambda/lib/python3.12/site-packages/wandb/agents/pyagent.py", line 326, in run
4:     self._setup()
4:   File "/home/fs72895/alex_asc/.conda/envs/lambda/lib/python3.12/site-packages/wandb/agents/pyagent.py", line 136, in _setup
4:     self._register()
4:   File "/home/fs72895/alex_asc/.conda/envs/lambda/lib/python3.12/site-packages/wandb/agents/pyagent.py", line 113, in _register
4:     agent = self._api.register_agent(socket.gethostname(), sweep_id=self._sweep_id)
4:             ^^^^^^^^^^^^^^^^^^^^^^^^^^^^^^^^^^^^^^^^^^^^^^^^^^^^^^^^^^^^^^^^^^^^^^^
4:   File "/home/fs72895/alex_asc/.conda/envs/lambda/lib/python3.12/site-packages/wandb/apis/internal.py", line 158, in register_agent
4:     return self.api.register_agent(*args, **kwargs)
4:            ^^^^^^^^^^^^^^^^^^^^^^^^^^^^^^^^^^^^^^^^
4:   File "/home/fs72895/alex_asc/.conda/envs/lambda/lib/python3.12/site-packages/wandb/apis/normalize.py", line 25, in wrapper
8:     raise UsageError(body["errors"][0]["message"])
8: wandb.errors.errors.UsageError: project not found
9:     return self.client.execute(*args, **kwargs)  # type: ignore
9:            ^^^^^^^^^^^^^^^^^^^^^^^^^^^^^^^^^^^^
9:   File "/home/fs72895/alex_asc/.conda/envs/lambda/lib/python3.12/site-packages/wandb/vendor/gql-0.2.0/wandb_gql/client.py", line 52, in execute
9:     result = self._get_result(document, *args, **kwargs)
9:              ^^^^^^^^^^^^^^^^^^^^^^^^^^^^^^^^^^^^^^^^^^^
9:   File "/home/fs72895/alex_asc/.conda/envs/lambda/lib/python3.12/site-packages/wandb/vendor/gql-0.2.0/wandb_gql/client.py", line 60, in _get_result
9:     return self.transport.execute(document, *args, **kwargs)
9:            ^^^^^^^^^^^^^^^^^^^^^^^^^^^^^^^^^^^^^^^^^^^^^^^^^
9:   File "/home/fs72895/alex_asc/.conda/envs/lambda/lib/python3.12/site-packages/wandb/sdk/lib/gql_request.py", line 59, in execute
9:     request.raise_for_status()
9:   File "/home/fs72895/alex_asc/.conda/envs/lambda/lib/python3.12/site-packages/requests/models.py", line 1026, in raise_for_status
9:     raise HTTPError(http_error_msg, response=self)
9: requests.exceptions.HTTPError: 404 Client Error: Not Found for url: https://api.wandb.ai/graphql
9: 
9: During handling of the above exception, another exception occurred:
9: 
9: Traceback (most recent call last):
9:   File "/home/fs72895/alex_asc/git/lambda-imitation/experiments/jax/partial_gridworld_sweep.py", line 116, in <module>
9:     wandb.agent("pwato51u", train)
9:   File "/home/fs72895/alex_asc/.conda/envs/lambda/lib/python3.12/site-packages/wandb/wandb_agent.py", line 563, in agent
9:     return pyagent(sweep_id, function, entity, project, count)
9:            ^^^^^^^^^^^^^^^^^^^^^^^^^^^^^^^^^^^^^^^^^^^^^^^^^^^
9:   File "/home/fs72895/alex_asc/.conda/envs/lambda/lib/python3.12/site-packages/wandb/agents/pyagent.py", line 355, in pyagent
9:     agent.run()
9:   File "/home/fs72895/alex_asc/.conda/envs/lambda/lib/python3.12/site-packages/wandb/agents/pyagent.py", line 326, in run
9:     self._setup()
9:   File "/home/fs72895/alex_asc/.conda/envs/lambda/lib/python3.12/site-packages/wandb/agents/pyagent.py", line 136, in _setup
9:     self._register()
9:   File "/home/fs72895/alex_asc/.conda/envs/lambda/lib/python3.12/site-packages/wandb/agents/pyagent.py", line 113, in _register
9:     agent = self._api.register_agent(socket.gethostname(), sweep_id=self._sweep_id)
9:             ^^^^^^^^^^^^^^^^^^^^^^^^^^^^^^^^^^^^^^^^^^^^^^^^^^^^^^^^^^^^^^^^^^^^^^^
9:   File "/home/fs72895/alex_asc/.conda/envs/lambda/lib/python3.12/site-packages/wandb/apis/internal.py", line 158, in register_agent
9:     return self.api.register_agent(*args, **kwargs)
9:            ^^^^^^^^^^^^^^^^^^^^^^^^^^^^^^^^^^^^^^^^
9:   File "/home/fs72895/alex_asc/.conda/envs/lambda/lib/python3.12/site-packages/wandb/apis/normalize.py", line 25, in wrapper
9:     return func(*args, **kwargs)
9:            ^^^^^^^^^^^^^^^^^^^^^
9:   File "/home/fs72895/alex_asc/.conda/envs/lambda/lib/python3.12/site-packages/wandb/sdk/internal/internal_api.py", line 3119, in register_agent
9:     response = self.gql(
9:                ^^^^^^^^^
9:   File "/home/fs72895/alex_asc/.conda/envs/lambda/lib/python3.12/site-packages/wandb/sdk/internal/internal_api.py", line 370, in gql
9:     ret = self._retry_gql(
9:           ^^^^^^^^^^^^^^^^
9:   File "/home/fs72895/alex_asc/.conda/envs/lambda/lib/python3.12/site-packages/wandb/sdk/lib/retry.py", line 161, in __call__
9:     if not retry_loop.should_retry(e):
9:            ^^^^^^^^^^^^^^^^^^^^^^^^^^
9:   File "/home/fs72895/alex_asc/.conda/envs/lambda/lib/python3.12/site-packages/wandb/sdk/lib/retry.py", line 276, in should_retry
9:     retry_check_result = self._retry_check(exception)
9:                          ^^^^^^^^^^^^^^^^^^^^^^^^^^^^
9:   File "/home/fs72895/alex_asc/.conda/envs/lambda/lib/python3.12/site-packages/wandb/util.py", line 913, in no_retry_4xx
9:     raise UsageError(body["errors"][0]["message"])
9: wandb.errors.errors.UsageError: project not found
4:     return func(*args, **kwargs)
4:            ^^^^^^^^^^^^^^^^^^^^^
4:   File "/home/fs72895/alex_asc/.conda/envs/lambda/lib/python3.12/site-packages/wandb/sdk/internal/internal_api.py", line 3119, in register_agent
4:     response = self.gql(
4:                ^^^^^^^^^
4:   File "/home/fs72895/alex_asc/.conda/envs/lambda/lib/python3.12/site-packages/wandb/sdk/internal/internal_api.py", line 370, in gql
4:     ret = self._retry_gql(
4:           ^^^^^^^^^^^^^^^^
4:   File "/home/fs72895/alex_asc/.conda/envs/lambda/lib/python3.12/site-packages/wandb/sdk/lib/retry.py", line 161, in __call__
4:     if not retry_loop.should_retry(e):
4:            ^^^^^^^^^^^^^^^^^^^^^^^^^^
4:   File "/home/fs72895/alex_asc/.conda/envs/lambda/lib/python3.12/site-packages/wandb/sdk/lib/retry.py", line 276, in should_retry
4:     retry_check_result = self._retry_check(exception)
4:                          ^^^^^^^^^^^^^^^^^^^^^^^^^^^^
4:   File "/home/fs72895/alex_asc/.conda/envs/lambda/lib/python3.12/site-packages/wandb/util.py", line 913, in no_retry_4xx
4:     raise UsageError(body["errors"][0]["message"])
4: wandb.errors.errors.UsageError: project not found
1: wandb: ERROR Error while calling W&B API: project not found (<Response [404]>)
1: Traceback (most recent call last):
1:   File "/home/fs72895/alex_asc/.conda/envs/lambda/lib/python3.12/site-packages/wandb/sdk/lib/retry.py", line 158, in __call__
1:     result = self._call_fn(*args, **kwargs)
1:              ^^^^^^^^^^^^^^^^^^^^^^^^^^^^^^
1:   File "/home/fs72895/alex_asc/.conda/envs/lambda/lib/python3.12/site-packages/wandb/sdk/internal/internal_api.py", line 398, in execute
1:     return self.client.execute(*args, **kwargs)  # type: ignore
1:            ^^^^^^^^^^^^^^^^^^^^^^^^^^^^^^^^^^^^
1:   File "/home/fs72895/alex_asc/.conda/envs/lambda/lib/python3.12/site-packages/wandb/vendor/gql-0.2.0/wandb_gql/client.py", line 52, in execute
1:     result = self._get_result(document, *args, **kwargs)
1:              ^^^^^^^^^^^^^^^^^^^^^^^^^^^^^^^^^^^^^^^^^^^
1:   File "/home/fs72895/alex_asc/.conda/envs/lambda/lib/python3.12/site-packages/wandb/vendor/gql-0.2.0/wandb_gql/client.py", line 60, in _get_result
1:     return self.transport.execute(document, *args, **kwargs)
1:            ^^^^^^^^^^^^^^^^^^^^^^^^^^^^^^^^^^^^^^^^^^^^^^^^^
1:   File "/home/fs72895/alex_asc/.conda/envs/lambda/lib/python3.12/site-packages/wandb/sdk/lib/gql_request.py", line 59, in execute
1:     request.raise_for_status()
1:   File "/home/fs72895/alex_asc/.conda/envs/lambda/lib/python3.12/site-packages/requests/models.py", line 1026, in raise_for_status
1:     raise HTTPError(http_error_msg, response=self)
1: requests.exceptions.HTTPError: 404 Client Error: Not Found for url: https://api.wandb.ai/graphql
1: 
1: During handling of the above exception, another exception occurred:
1: 
1: Traceback (most recent call last):
1:   File "/home/fs72895/alex_asc/git/lambda-imitation/experiments/jax/partial_gridworld_sweep.py", line 116, in <module>
1:     wandb.agent("pwato51u", train)
1:   File "/home/fs72895/alex_asc/.conda/envs/lambda/lib/python3.12/site-packages/wandb/wandb_agent.py", line 563, in agent
1:     return pyagent(sweep_id, function, entity, project, count)
1:            ^^^^^^^^^^^^^^^^^^^^^^^^^^^^^^^^^^^^^^^^^^^^^^^^^^^
1:   File "/home/fs72895/alex_asc/.conda/envs/lambda/lib/python3.12/site-packages/wandb/agents/pyagent.py", line 355, in pyagent
1:     agent.run()
1:   File "/home/fs72895/alex_asc/.conda/envs/lambda/lib/python3.12/site-packages/wandb/agents/pyagent.py", line 326, in run
1:     self._setup()
1:   File "/home/fs72895/alex_asc/.conda/envs/lambda/lib/python3.12/site-packages/wandb/agents/pyagent.py", line 136, in _setup
1:     self._register()
1:   File "/home/fs72895/alex_asc/.conda/envs/lambda/lib/python3.12/site-packages/wandb/agents/pyagent.py", line 113, in _register
1:     agent = self._api.register_agent(socket.gethostname(), sweep_id=self._sweep_id)
1:             ^^^^^^^^^^^^^^^^^^^^^^^^^^^^^^^^^^^^^^^^^^^^^^^^^^^^^^^^^^^^^^^^^^^^^^^
1:   File "/home/fs72895/alex_asc/.conda/envs/lambda/lib/python3.12/site-packages/wandb/apis/internal.py", line 158, in register_agent
1:     return self.api.register_agent(*args, **kwargs)
1:            ^^^^^^^^^^^^^^^^^^^^^^^^^^^^^^^^^^^^^^^^
1:   File "/home/fs72895/alex_asc/.conda/envs/lambda/lib/python3.12/site-packages/wandb/apis/normalize.py", line 25, in wrapper
1:     return func(*args, **kwargs)
1:            ^^^^^^^^^^^^^^^^^^^^^
1:   File "/home/fs72895/alex_asc/.conda/envs/lambda/lib/python3.12/site-packages/wandb/sdk/internal/internal_api.py", line 3119, in register_agent
1:     response = self.gql(
1:                ^^^^^^^^^
1:   File "/home/fs72895/alex_asc/.conda/envs/lambda/lib/python3.12/site-packages/wandb/sdk/internal/internal_api.py", line 370, in gql
1:     ret = self._retry_gql(
1:           ^^^^^^^^^^^^^^^^
1:   File "/home/fs72895/alex_asc/.conda/envs/lambda/lib/python3.12/site-packages/wandb/sdk/lib/retry.py", line 161, in __call__
1:     if not retry_loop.should_retry(e):
1:            ^^^^^^^^^^^^^^^^^^^^^^^^^^
1:   File "/home/fs72895/alex_asc/.conda/envs/lambda/lib/python3.12/site-packages/wandb/sdk/lib/retry.py", line 276, in should_retry
1:     retry_check_result = self._retry_check(exception)
1:                          ^^^^^^^^^^^^^^^^^^^^^^^^^^^^
1:   File "/home/fs72895/alex_asc/.conda/envs/lambda/lib/python3.12/site-packages/wandb/util.py", line 913, in no_retry_4xx
1:     raise UsageError(body["errors"][0]["message"])
1: wandb.errors.errors.UsageError: project not found
5: wandb: ERROR Error while calling W&B API: project not found (<Response [404]>)
5: Traceback (most recent call last):
5:   File "/home/fs72895/alex_asc/.conda/envs/lambda/lib/python3.12/site-packages/wandb/sdk/lib/retry.py", line 158, in __call__
5:     result = self._call_fn(*args, **kwargs)
5:              ^^^^^^^^^^^^^^^^^^^^^^^^^^^^^^
5:   File "/home/fs72895/alex_asc/.conda/envs/lambda/lib/python3.12/site-packages/wandb/sdk/internal/internal_api.py", line 398, in execute
5:     return self.client.execute(*args, **kwargs)  # type: ignore
5:            ^^^^^^^^^^^^^^^^^^^^^^^^^^^^^^^^^^^^
5:   File "/home/fs72895/alex_asc/.conda/envs/lambda/lib/python3.12/site-packages/wandb/vendor/gql-0.2.0/wandb_gql/client.py", line 52, in execute
5:     result = self._get_result(document, *args, **kwargs)
5:              ^^^^^^^^^^^^^^^^^^^^^^^^^^^^^^^^^^^^^^^^^^^
5:   File "/home/fs72895/alex_asc/.conda/envs/lambda/lib/python3.12/site-packages/wandb/vendor/gql-0.2.0/wandb_gql/client.py", line 60, in _get_result
5:     return self.transport.execute(document, *args, **kwargs)
5:            ^^^^^^^^^^^^^^^^^^^^^^^^^^^^^^^^^^^^^^^^^^^^^^^^^
5:   File "/home/fs72895/alex_asc/.conda/envs/lambda/lib/python3.12/site-packages/wandb/sdk/lib/gql_request.py", line 59, in execute
5:     request.raise_for_status()
5:   File "/home/fs72895/alex_asc/.conda/envs/lambda/lib/python3.12/site-packages/requests/models.py", line 1026, in raise_for_status
5:     raise HTTPError(http_error_msg, response=self)
5: requests.exceptions.HTTPError: 404 Client Error: Not Found for url: https://api.wandb.ai/graphql
5: 
5: During handling of the above exception, another exception occurred:
5: 
5: Traceback (most recent call last):
5:   File "/home/fs72895/alex_asc/git/lambda-imitation/experiments/jax/partial_gridworld_sweep.py", line 116, in <module>
5:     wandb.agent("pwato51u", train)
5:   File "/home/fs72895/alex_asc/.conda/envs/lambda/lib/python3.12/site-packages/wandb/wandb_agent.py", line 563, in agent
5:     return pyagent(sweep_id, function, entity, project, count)
5:            ^^^^^^^^^^^^^^^^^^^^^^^^^^^^^^^^^^^^^^^^^^^^^^^^^^^
5:   File "/home/fs72895/alex_asc/.conda/envs/lambda/lib/python3.12/site-packages/wandb/agents/pyagent.py", line 355, in pyagent
5:     agent.run()
5:   File "/home/fs72895/alex_asc/.conda/envs/lambda/lib/python3.12/site-packages/wandb/agents/pyagent.py", line 326, in run
5:     self._setup()
5:   File "/home/fs72895/alex_asc/.conda/envs/lambda/lib/python3.12/site-packages/wandb/agents/pyagent.py", line 136, in _setup
5:     self._register()
5:   File "/home/fs72895/alex_asc/.conda/envs/lambda/lib/python3.12/site-packages/wandb/agents/pyagent.py", line 113, in _register
5:     agent = self._api.register_agent(socket.gethostname(), sweep_id=self._sweep_id)
5:             ^^^^^^^^^^^^^^^^^^^^^^^^^^^^^^^^^^^^^^^^^^^^^^^^^^^^^^^^^^^^^^^^^^^^^^^
5:   File "/home/fs72895/alex_asc/.conda/envs/lambda/lib/python3.12/site-packages/wandb/apis/internal.py", line 158, in register_agent
5:     return self.api.register_agent(*args, **kwargs)
5:            ^^^^^^^^^^^^^^^^^^^^^^^^^^^^^^^^^^^^^^^^
5:   File "/home/fs72895/alex_asc/.conda/envs/lambda/lib/python3.12/site-packages/wandb/apis/normalize.py", line 25, in wrapper
2: wandb: ERROR Error while calling W&B API: project not found (<Response [404]>)
2: Traceback (most recent call last):
2:   File "/home/fs72895/alex_asc/.conda/envs/lambda/lib/python3.12/site-packages/wandb/sdk/lib/retry.py", line 158, in __call__
2:     result = self._call_fn(*args, **kwargs)
2:              ^^^^^^^^^^^^^^^^^^^^^^^^^^^^^^
2:   File "/home/fs72895/alex_asc/.conda/envs/lambda/lib/python3.12/site-packages/wandb/sdk/internal/internal_api.py", line 398, in execute
2:     return self.client.execute(*args, **kwargs)  # type: ignore
2:            ^^^^^^^^^^^^^^^^^^^^^^^^^^^^^^^^^^^^
2:   File "/home/fs72895/alex_asc/.conda/envs/lambda/lib/python3.12/site-packages/wandb/vendor/gql-0.2.0/wandb_gql/client.py", line 52, in execute
2:     result = self._get_result(document, *args, **kwargs)
2:              ^^^^^^^^^^^^^^^^^^^^^^^^^^^^^^^^^^^^^^^^^^^
2:   File "/home/fs72895/alex_asc/.conda/envs/lambda/lib/python3.12/site-packages/wandb/vendor/gql-0.2.0/wandb_gql/client.py", line 60, in _get_result
2:     return self.transport.execute(document, *args, **kwargs)
2:            ^^^^^^^^^^^^^^^^^^^^^^^^^^^^^^^^^^^^^^^^^^^^^^^^^
2:   File "/home/fs72895/alex_asc/.conda/envs/lambda/lib/python3.12/site-packages/wandb/sdk/lib/gql_request.py", line 59, in execute
2:     request.raise_for_status()
2:   File "/home/fs72895/alex_asc/.conda/envs/lambda/lib/python3.12/site-packages/requests/models.py", line 1026, in raise_for_status
2:     raise HTTPError(http_error_msg, response=self)
2: requests.exceptions.HTTPError: 404 Client Error: Not Found for url: https://api.wandb.ai/graphql
2: 
2: During handling of the above exception, another exception occurred:
2: 
2: Traceback (most recent call last):
2:   File "/home/fs72895/alex_asc/git/lambda-imitation/experiments/jax/partial_gridworld_sweep.py", line 116, in <module>
2:     wandb.agent("pwato51u", train)
2:   File "/home/fs72895/alex_asc/.conda/envs/lambda/lib/python3.12/site-packages/wandb/wandb_agent.py", line 563, in agent
2:     return pyagent(sweep_id, function, entity, project, count)
2:            ^^^^^^^^^^^^^^^^^^^^^^^^^^^^^^^^^^^^^^^^^^^^^^^^^^^
5:     return func(*args, **kwargs)
5:            ^^^^^^^^^^^^^^^^^^^^^
2:   File "/home/fs72895/alex_asc/.conda/envs/lambda/lib/python3.12/site-packages/wandb/agents/pyagent.py", line 355, in pyagent
5:   File "/home/fs72895/alex_asc/.conda/envs/lambda/lib/python3.12/site-packages/wandb/sdk/internal/internal_api.py", line 3119, in register_agent
5:     response = self.gql(
5:                ^^^^^^^^^
5:   File "/home/fs72895/alex_asc/.conda/envs/lambda/lib/python3.12/site-packages/wandb/sdk/internal/internal_api.py", line 370, in gql
5:     ret = self._retry_gql(
5:           ^^^^^^^^^^^^^^^^
5:   File "/home/fs72895/alex_asc/.conda/envs/lambda/lib/python3.12/site-packages/wandb/sdk/lib/retry.py", line 161, in __call__
5:     if not retry_loop.should_retry(e):
5:            ^^^^^^^^^^^^^^^^^^^^^^^^^^
5:   File "/home/fs72895/alex_asc/.conda/envs/lambda/lib/python3.12/site-packages/wandb/sdk/lib/retry.py", line 276, in should_retry
5:     retry_check_result = self._retry_check(exception)
5:                          ^^^^^^^^^^^^^^^^^^^^^^^^^^^^
5:   File "/home/fs72895/alex_asc/.conda/envs/lambda/lib/python3.12/site-packages/wandb/util.py", line 913, in no_retry_4xx
5:     raise UsageError(body["errors"][0]["message"])
5: wandb.errors.errors.UsageError: project not found
2:     agent.run()
2:   File "/home/fs72895/alex_asc/.conda/envs/lambda/lib/python3.12/site-packages/wandb/agents/pyagent.py", line 326, in run
2:     self._setup()
2:   File "/home/fs72895/alex_asc/.conda/envs/lambda/lib/python3.12/site-packages/wandb/agents/pyagent.py", line 136, in _setup
2:     self._register()
2:   File "/home/fs72895/alex_asc/.conda/envs/lambda/lib/python3.12/site-packages/wandb/agents/pyagent.py", line 113, in _register
2:     agent = self._api.register_agent(socket.gethostname(), sweep_id=self._sweep_id)
2:             ^^^^^^^^^^^^^^^^^^^^^^^^^^^^^^^^^^^^^^^^^^^^^^^^^^^^^^^^^^^^^^^^^^^^^^^
2:   File "/home/fs72895/alex_asc/.conda/envs/lambda/lib/python3.12/site-packages/wandb/apis/internal.py", line 158, in register_agent
2:     return self.api.register_agent(*args, **kwargs)
2:            ^^^^^^^^^^^^^^^^^^^^^^^^^^^^^^^^^^^^^^^^
2:   File "/home/fs72895/alex_asc/.conda/envs/lambda/lib/python3.12/site-packages/wandb/apis/normalize.py", line 25, in wrapper
2:     return func(*args, **kwargs)
2:            ^^^^^^^^^^^^^^^^^^^^^
2:   File "/home/fs72895/alex_asc/.conda/envs/lambda/lib/python3.12/site-packages/wandb/sdk/internal/internal_api.py", line 3119, in register_agent
2:     response = self.gql(
2:                ^^^^^^^^^
2:   File "/home/fs72895/alex_asc/.conda/envs/lambda/lib/python3.12/site-packages/wandb/sdk/internal/internal_api.py", line 370, in gql
2:     ret = self._retry_gql(
2:           ^^^^^^^^^^^^^^^^
2:   File "/home/fs72895/alex_asc/.conda/envs/lambda/lib/python3.12/site-packages/wandb/sdk/lib/retry.py", line 161, in __call__
2:     if not retry_loop.should_retry(e):
2:            ^^^^^^^^^^^^^^^^^^^^^^^^^^
2:   File "/home/fs72895/alex_asc/.conda/envs/lambda/lib/python3.12/site-packages/wandb/sdk/lib/retry.py", line 276, in should_retry
2:     retry_check_result = self._retry_check(exception)
2:                          ^^^^^^^^^^^^^^^^^^^^^^^^^^^^
2:   File "/home/fs72895/alex_asc/.conda/envs/lambda/lib/python3.12/site-packages/wandb/util.py", line 913, in no_retry_4xx
2:     raise UsageError(body["errors"][0]["message"])
2: wandb.errors.errors.UsageError: project not found
srun: error: n3502-045: task 5: Exited with exit code 1
srun: error: n3502-025: task 3: Exited with exit code 1
srun: error: n3502-053: task 6: Exited with exit code 1
srun: error: n3502-054: task 7: Exited with exit code 1
srun: error: n3502-007: task 0: Exited with exit code 1
srun: error: n3502-009: task 1: Exited with exit code 1
srun: error: n3502-069: task 9: Exited with exit code 1
srun: error: n3502-041: task 4: Exited with exit code 1
srun: error: n3502-063: task 8: Exited with exit code 1
srun: error: n3502-018: task 2: Exited with exit code 1
